1.
Прочитал, стало чуть больше понятно, почему когда скачиваешь что-то с торретна файл уже весит 10гб, а по факту еще качается. 

2.
Нет. У них одна айнода
[mikhail@centos8 ~]$ ll
total 8
drwxr-xr-x. 2 mikhail mikhail  6 Jun 24 21:10 Desktop
drwxr-xr-x. 2 mikhail mikhail  6 Jun 24 21:10 Documents
drwxr-xr-x. 2 mikhail mikhail  6 Jun 24 21:10 Downloads
drwxr-xr-x. 2 mikhail mikhail  6 Jun 24 21:10 Music
drwxr-xr-x. 2 mikhail mikhail  6 Jun 24 21:10 Pictures
drwxr-xr-x. 2 mikhail mikhail  6 Jun 24 21:10 Public
drwxr-xr-x. 2 mikhail mikhail  6 Jun 24 21:10 Templates
-rw-rw-r--. 1 mikhail mikhail 41 Jun 25 18:04 test
-rw-rw-r--. 1 mikhail mikhail 41 Jun 25 18:24 test_out
drwxr-xr-x. 2 mikhail mikhail  6 Jun 24 21:10 Videos
[mikhail@centos8 ~]$ touch test1
[mikhail@centos8 ~]$ ln test1 test1_link
[mikhail@centos8 ~]$ ll
total 8
drwxr-xr-x. 2 mikhail mikhail  6 Jun 24 21:10 Desktop
drwxr-xr-x. 2 mikhail mikhail  6 Jun 24 21:10 Documents
drwxr-xr-x. 2 mikhail mikhail  6 Jun 24 21:10 Downloads
drwxr-xr-x. 2 mikhail mikhail  6 Jun 24 21:10 Music
drwxr-xr-x. 2 mikhail mikhail  6 Jun 24 21:10 Pictures
drwxr-xr-x. 2 mikhail mikhail  6 Jun 24 21:10 Public
drwxr-xr-x. 2 mikhail mikhail  6 Jun 24 21:10 Templates
-rw-rw-r--. 1 mikhail mikhail 41 Jun 25 18:04 test
-rw-rw-r--. 2 mikhail mikhail  0 Jul  8 16:15 test1
-rw-rw-r--. 2 mikhail mikhail  0 Jul  8 16:15 test1_link
-rw-rw-r--. 1 mikhail mikhail 41 Jun 25 18:24 test_out
drwxr-xr-x. 2 mikhail mikhail  6 Jun 24 21:10 Videos
[mikhail@centos8 ~]$ chmod 775 test1
[mikhail@centos8 ~]$ ll
total 8
drwxr-xr-x. 2 mikhail mikhail  6 Jun 24 21:10 Desktop
drwxr-xr-x. 2 mikhail mikhail  6 Jun 24 21:10 Documents
drwxr-xr-x. 2 mikhail mikhail  6 Jun 24 21:10 Downloads
drwxr-xr-x. 2 mikhail mikhail  6 Jun 24 21:10 Music
drwxr-xr-x. 2 mikhail mikhail  6 Jun 24 21:10 Pictures
drwxr-xr-x. 2 mikhail mikhail  6 Jun 24 21:10 Public
drwxr-xr-x. 2 mikhail mikhail  6 Jun 24 21:10 Templates
-rw-rw-r--. 1 mikhail mikhail 41 Jun 25 18:04 test
-rwxrwxr-x. 2 mikhail mikhail  0 Jul  8 16:15 test1
-rwxrwxr-x. 2 mikhail mikhail  0 Jul  8 16:15 test1_link
-rw-rw-r--. 1 mikhail mikhail 41 Jun 25 18:24 test_out
drwxr-xr-x. 2 mikhail mikhail  6 Jun 24 21:10 Videos

3.
скрин

4.
vagrant@vagrant:~$ fdisk -l /dev/sdb
fdisk: cannot open /dev/sdb: Permission denied
vagrant@vagrant:~$ sudo -i
root@vagrant:~# fdisk -l /dev/sdb
Disk /dev/sdb: 2.51 GiB, 2684354560 bytes, 5242880 sectors
Disk model: VBOX HARDDISK
Units: sectors of 1 * 512 = 512 bytes
Sector size (logical/physical): 512 bytes / 512 bytes
I/O size (minimum/optimal): 512 bytes / 512 bytes
root@vagrant:~# fdisk /dev/sdb

Welcome to fdisk (util-linux 2.34).
Changes will remain in memory only, until you decide to write them.
Be careful before using the write command.

Device does not contain a recognized partition table.
Created a new DOS disklabel with disk identifier 0x63446f15.

Command (m for help): m

Help:

  DOS (MBR)
   a   toggle a bootable flag
   b   edit nested BSD disklabel
   c   toggle the dos compatibility flag

  Generic
   d   delete a partition
   F   list free unpartitioned space
   l   list known partition types
   n   add a new partition
   p   print the partition table
   t   change a partition type
   v   verify the partition table
   i   print information about a partition

  Misc
   m   print this menu
   u   change display/entry units
   x   extra functionality (experts only)

  Script
   I   load disk layout from sfdisk script file
   O   dump disk layout to sfdisk script file

  Save & Exit
   w   write table to disk and exit
   q   quit without saving changes

  Create a new label
   g   create a new empty GPT partition table
   G   create a new empty SGI (IRIX) partition table
   o   create a new empty DOS partition table
   s   create a new empty Sun partition table


Command (m for help): n
Partition type
   p   primary (0 primary, 0 extended, 4 free)
   e   extended (container for logical partitions)
Select (default p): p
Partition number (1-4, default 1): 1
First sector (2048-5242879, default 2048): 2048
Last sector, +/-sectors or +/-size{K,M,G,T,P} (2048-5242879, default 5242879): +2G

Created a new partition 1 of type 'Linux' and of size 2 GiB.

Command (m for help): m

Help:

  DOS (MBR)
   a   toggle a bootable flag
   b   edit nested BSD disklabel
   c   toggle the dos compatibility flag

  Generic
   d   delete a partition
   F   list free unpartitioned space
   l   list known partition types
   n   add a new partition
   p   print the partition table
   t   change a partition type
   v   verify the partition table
   i   print information about a partition

  Misc
   m   print this menu
   u   change display/entry units
   x   extra functionality (experts only)

  Script
   I   load disk layout from sfdisk script file
   O   dump disk layout to sfdisk script file

  Save & Exit
   w   write table to disk and exit
   q   quit without saving changes

  Create a new label
   g   create a new empty GPT partition table
   G   create a new empty SGI (IRIX) partition table
   o   create a new empty DOS partition table
   s   create a new empty Sun partition table


Command (m for help): n
Partition type
   p   primary (1 primary, 0 extended, 3 free)
   e   extended (container for logical partitions)
Select (default p): p
Partition number (2-4, default 2):
First sector (4196352-5242879, default 4196352):
Last sector, +/-sectors or +/-size{K,M,G,T,P} (4196352-5242879, default 5242879):

Created a new partition 2 of type 'Linux' and of size 511 MiB.

Command (m for help): w
The partition table has been altered.
Calling ioctl() to re-read partition table.
Syncing disks.

root@vagrant:~# lsblk
NAME                      MAJ:MIN RM  SIZE RO TYPE MOUNTPOINT
loop0                       7:0    0 61.9M  1 loop /snap/core20/1328
loop1                       7:1    0 67.2M  1 loop /snap/lxd/21835
loop2                       7:2    0 43.6M  1 loop /snap/snapd/14978
loop3                       7:3    0 61.9M  1 loop /snap/core20/1518
loop4                       7:4    0   47M  1 loop /snap/snapd/16292
loop5                       7:5    0 67.8M  1 loop /snap/lxd/22753
sda                         8:0    0   64G  0 disk
├─sda1                      8:1    0    1M  0 part
├─sda2                      8:2    0  1.5G  0 part /boot
└─sda3                      8:3    0 62.5G  0 part
  └─ubuntu--vg-ubuntu--lv 253:0    0 31.3G  0 lvm  /
sdb                         8:16   0  2.5G  0 disk
├─sdb1                      8:17   0    2G  0 part
└─sdb2                      8:18   0  511M  0 part
sdc                         8:32   0  2.5G  0 disk

5.

root@vagrant:~# sfdisk -d /dev/sdb | sfdisk --force /dev/sdc
Checking that no-one is using this disk right now ... OK

Disk /dev/sdc: 2.51 GiB, 2684354560 bytes, 5242880 sectors
Disk model: VBOX HARDDISK
Units: sectors of 1 * 512 = 512 bytes
Sector size (logical/physical): 512 bytes / 512 bytes
I/O size (minimum/optimal): 512 bytes / 512 bytes

>>> Script header accepted.
>>> Script header accepted.
>>> Script header accepted.
>>> Script header accepted.
>>> Created a new DOS disklabel with disk identifier 0x63446f15.
/dev/sdc1: Created a new partition 1 of type 'Linux' and of size 2 GiB.
/dev/sdc2: Created a new partition 2 of type 'Linux' and of size 511 MiB.
/dev/sdc3: Done.

New situation:
Disklabel type: dos
Disk identifier: 0x63446f15

Device     Boot   Start     End Sectors  Size Id Type
/dev/sdc1          2048 4196351 4194304    2G 83 Linux
/dev/sdc2       4196352 5242879 1046528  511M 83 Linux

The partition table has been altered.
Calling ioctl() to re-read partition table.
Syncing disks.
root@vagrant:~# lsblk
NAME                      MAJ:MIN RM  SIZE RO TYPE MOUNTPOINT
loop0                       7:0    0 61.9M  1 loop /snap/core20/1328
loop1                       7:1    0 67.2M  1 loop /snap/lxd/21835
loop2                       7:2    0 43.6M  1 loop /snap/snapd/14978
loop3                       7:3    0 61.9M  1 loop /snap/core20/1518
loop4                       7:4    0   47M  1 loop /snap/snapd/16292
loop5                       7:5    0 67.8M  1 loop /snap/lxd/22753
sda                         8:0    0   64G  0 disk
├─sda1                      8:1    0    1M  0 part
├─sda2                      8:2    0  1.5G  0 part /boot
└─sda3                      8:3    0 62.5G  0 part
  └─ubuntu--vg-ubuntu--lv 253:0    0 31.3G  0 lvm  /
sdb                         8:16   0  2.5G  0 disk
├─sdb1                      8:17   0    2G  0 part
└─sdb2                      8:18   0  511M  0 part
sdc                         8:32   0  2.5G  0 disk
├─sdc1                      8:33   0    2G  0 part
└─sdc2                      8:34   0  511M  0 part

6.

root@vagrant:~# mdadm --create --verbose /dev/md1 --level=1 --raid-devices=2 /dev/sdb1 /dev/sdc1
mdadm: Note: this array has metadata at the start and
    may not be suitable as a boot device.  If you plan to
    store '/boot' on this device please ensure that
    your boot-loader understands md/v1.x metadata, or use
    --metadata=0.90
mdadm: size set to 2094080K
Continue creating array? y
mdadm: Defaulting to version 1.2 metadata
mdadm: array /dev/md1 started.
root@vagrant:~# cat /proc/mdstat
Personalities : [linear] [multipath] [raid0] [raid1] [raid6] [raid5] [raid4] [raid10]
md1 : active raid1 sdc1[1] sdb1[0]
      2094080 blocks super 1.2 [2/2] [UU]
      [===============>.....]  resync = 76.4% (1601280/2094080) finish=0.0min speed=228754K/sec

unused devices: <none>
root@vagrant:~# cat /proc/mdstat
Personalities : [linear] [multipath] [raid0] [raid1] [raid6] [raid5] [raid4] [raid10]
md1 : active raid1 sdc1[1] sdb1[0]
      2094080 blocks super 1.2 [2/2] [UU]

unused devices: <none>

7. sudo mdadm --create --verbose /dev/md0 --level=0 --raid-devices=2 /dev/sdb2 /dev/sdc2

Как итог обоих : 
root@vagrant:~# lsblk -o NAME,SIZE,FSTYPE,TYPE,MOUNTPOINT
NAME                       SIZE FSTYPE            TYPE  MOUNTPOINT
loop0                     61.9M squashfs          loop  /snap/core20/1328
loop1                     67.2M squashfs          loop  /snap/lxd/21835
loop2                     43.6M squashfs          loop  /snap/snapd/14978
loop3                     61.9M squashfs          loop  /snap/core20/1518
loop4                       47M squashfs          loop  /snap/snapd/16292
loop5                     67.8M squashfs          loop  /snap/lxd/22753
sda                         64G                   disk
├─sda1                       1M                   part
├─sda2                     1.5G ext4              part  /boot
└─sda3                    62.5G LVM2_member       part
  └─ubuntu--vg-ubuntu--lv 31.3G ext4              lvm   /
sdb                        2.5G                   disk
├─sdb1                       2G linux_raid_member part
│ └─md1                      2G                   raid1
└─sdb2                     511M linux_raid_member part
  └─md0                   1018M                   raid0
sdc                        2.5G                   disk
├─sdc1                       2G linux_raid_member part
│ └─md1                      2G                   raid1
└─sdc2                     511M linux_raid_member part
  └─md0                   1018M                   raid0

Пробовал этот сделать и с -z 500M но не понимал, почему место не сходится ... потом вспомнил, что этот рейд работает не а = б как первый, а а + б

8.
root@vagrant:~# pvcreate /dev/md1 /dev/md0
  Physical volume "/dev/md1" successfully created.
  Physical volume "/dev/md0" successfully created.
root@vagrant:~# pvdisplay
  --- Physical volume ---
  PV Name               /dev/sda3
  VG Name               ubuntu-vg
  PV Size               <62.50 GiB / not usable 0
  Allocatable           yes
  PE Size               4.00 MiB
  Total PE              15999
  Free PE               8000
  Allocated PE          7999
  PV UUID               x7S6t2-at3n-E9kU-cz28-gAH3-QU9H-vyVuNf

  "/dev/md0" is a new physical volume of "1018.00 MiB"
  --- NEW Physical volume ---
  PV Name               /dev/md0
  VG Name
  PV Size               1018.00 MiB
  Allocatable           NO
  PE Size               0
  Total PE              0
  Free PE               0
  Allocated PE          0
  PV UUID               8ZxEcn-Uneo-OheS-5w8f-c1VV-50ty-uDqBZz

  "/dev/md1" is a new physical volume of "<2.00 GiB"
  --- NEW Physical volume ---
  PV Name               /dev/md1
  VG Name
  PV Size               <2.00 GiB
  Allocatable           NO
  PE Size               0
  Total PE              0
  Free PE               0
  Allocated PE          0
  PV UUID               DMnP2Q-QdLP-eKwx-94j0-VPcB-mmw2-U5TTEn

9.

root@vagrant:~# vgdisplay
  --- Volume group ---
  VG Name               ubuntu-vg
  System ID
  Format                lvm2
  Metadata Areas        1
  Metadata Sequence No  2
  VG Access             read/write
  VG Status             resizable
  MAX LV                0
  Cur LV                1
  Open LV               1
  Max PV                0
  Cur PV                1
  Act PV                1
  VG Size               <62.50 GiB
  PE Size               4.00 MiB
  Total PE              15999
  Alloc PE / Size       7999 / <31.25 GiB
  Free  PE / Size       8000 / 31.25 GiB
  VG UUID               4HbbNB-kISH-fXeQ-qzbV-XeNd-At34-cCUUuJ

root@vagrant:~# vgcreate vol_grp1 /dev/md1 /dev/md0
  Volume group "vol_grp1" successfully created
root@vagrant:~# vgdisplay
  --- Volume group ---
  VG Name               ubuntu-vg
  System ID
  Format                lvm2
  Metadata Areas        1
  Metadata Sequence No  2
  VG Access             read/write
  VG Status             resizable
  MAX LV                0
  Cur LV                1
  Open LV               1
  Max PV                0
  Cur PV                1
  Act PV                1
  VG Size               <62.50 GiB
  PE Size               4.00 MiB
  Total PE              15999
  Alloc PE / Size       7999 / <31.25 GiB
  Free  PE / Size       8000 / 31.25 GiB
  VG UUID               4HbbNB-kISH-fXeQ-qzbV-XeNd-At34-cCUUuJ

  --- Volume group ---
  VG Name               vol_grp1
  System ID
  Format                lvm2
  Metadata Areas        2
  Metadata Sequence No  1
  VG Access             read/write
  VG Status             resizable
  MAX LV                0
  Cur LV                0
  Open LV               0
  Max PV                0
  Cur PV                2
  Act PV                2
  VG Size               <2.99 GiB
  PE Size               4.00 MiB
  Total PE              765
  Alloc PE / Size       0 / 0
  Free  PE / Size       765 / <2.99 GiB
  VG UUID               RT5Yp3-xvGf-end1-vBd6-7eQI-EUR3-jqxyYJ

10.

root@vagrant:~# lvs
  LV        VG        Attr       LSize   Pool Origin Data%  Meta%  Move Log Cpy%Sync Convert
  ubuntu-lv ubuntu-vg -wi-ao---- <31.25g
root@vagrant:~# lvcreate -L 100M vol_grp1 /dev/md0
  Logical volume "lvol0" created.
root@vagrant:~# vgs
  VG        #PV #LV #SN Attr   VSize   VFree
  ubuntu-vg   1   1   0 wz--n- <62.50g 31.25g
  vol_grp1    2   1   0 wz--n-  <2.99g  2.89g
root@vagrant:~# lvs
  LV        VG        Attr       LSize   Pool Origin Data%  Meta%  Move Log Cpy%Sync Convert
  ubuntu-lv ubuntu-vg -wi-ao---- <31.25g
  lvol0     vol_grp1  -wi-a----- 100.00m

11.

root@vagrant:~# mkfs.ext4 /dev/vol_grp1/lvol0
mke2fs 1.45.5 (07-Jan-2020)
Creating filesystem with 25600 4k blocks and 25600 inodes

Allocating group tables: done
Writing inode tables: done
Creating journal (1024 blocks): done
Writing superblocks and filesystem accounting information: done

12.

root@vagrant:~# mkdir /tmp/new
root@vagrant:~# mount /dev/vol_grp1/lvol0 /tmp/new
root@vagrant:~# df -h
Filesystem                         Size  Used Avail Use% Mounted on
udev                               445M     0  445M   0% /dev
tmpfs                               98M  1.0M   97M   2% /run
/dev/mapper/ubuntu--vg-ubuntu--lv   31G  3.7G   26G  13% /
tmpfs                              489M     0  489M   0% /dev/shm
tmpfs                              5.0M     0  5.0M   0% /run/lock
tmpfs                              489M     0  489M   0% /sys/fs/cgroup
/dev/loop0                          62M   62M     0 100% /snap/core20/1328
/dev/loop1                          68M   68M     0 100% /snap/lxd/21835
/dev/loop2                          44M   44M     0 100% /snap/snapd/14978
/dev/sda2                          1.5G  110M  1.3G   8% /boot
vagrant                            1.9T  764G  1.1T  41% /vagrant
tmpfs                               98M     0   98M   0% /run/user/1000
/dev/loop3                          62M   62M     0 100% /snap/core20/1518
/dev/loop4                          47M   47M     0 100% /snap/snapd/16292
/dev/loop5                          68M   68M     0 100% /snap/lxd/22753
/dev/mapper/vol_grp1-lvol0          93M   72K   86M   1% /tmp/new


13.

root@vagrant:~# wget https://mirror.yandex.ru/ubuntu/ls-lR.gz -O /tmp/new/test.gz
--2022-07-08 20:38:34--  https://mirror.yandex.ru/ubuntu/ls-lR.gz
Resolving mirror.yandex.ru (mirror.yandex.ru)... 213.180.204.183
Connecting to mirror.yandex.ru (mirror.yandex.ru)|213.180.204.183|:443... connected.
HTTP request sent, awaiting response... 200 OK
Length: 23785783 (23M) [application/octet-stream]
Saving to: ‘/tmp/new/test.gz’

/tmp/new/test.gz          100%[===================================>]  22.68M  1.20MB/s    in 18s

2022-07-08 20:38:52 (1.29 MB/s) - ‘/tmp/new/test.gz’ saved [23785783/23785783]

root@vagrant:~# ll /tmp/new/
total 23256
drwxr-xr-x  3 root root     4096 Jul  8 20:38 ./
drwxrwxrwt 12 root root     4096 Jul  8 20:37 ../
drwx------  2 root root    16384 Jul  8 20:36 lost+found/
-rw-r--r--  1 root root 23785783 Jul  8 19:39 test.gz

14.

root@vagrant:~# lsblk
NAME                      MAJ:MIN RM  SIZE RO TYPE  MOUNTPOINT
loop0                       7:0    0 61.9M  1 loop  /snap/core20/1328
loop1                       7:1    0 67.2M  1 loop  /snap/lxd/21835
loop2                       7:2    0 43.6M  1 loop  /snap/snapd/14978
loop3                       7:3    0 61.9M  1 loop  /snap/core20/1518
loop4                       7:4    0   47M  1 loop  /snap/snapd/16292
loop5                       7:5    0 67.8M  1 loop  /snap/lxd/22753
sda                         8:0    0   64G  0 disk
├─sda1                      8:1    0    1M  0 part
├─sda2                      8:2    0  1.5G  0 part  /boot
└─sda3                      8:3    0 62.5G  0 part
  └─ubuntu--vg-ubuntu--lv 253:0    0 31.3G  0 lvm   /
sdb                         8:16   0  2.5G  0 disk
├─sdb1                      8:17   0    2G  0 part
│ └─md1                     9:1    0    2G  0 raid1
└─sdb2                      8:18   0  511M  0 part
  └─md0                     9:0    0 1018M  0 raid0
    └─vol_grp1-lvol0      253:1    0  100M  0 lvm   /tmp/new
sdc                         8:32   0  2.5G  0 disk
├─sdc1                      8:33   0    2G  0 part
│ └─md1                     9:1    0    2G  0 raid1
└─sdc2                      8:34   0  511M  0 part
  └─md0                     9:0    0 1018M  0 raid0
    └─vol_grp1-lvol0      253:1    0  100M  0 lvm   /tmp/new

15.

root@vagrant:~# gzip -t /tmp/new/test.gz
root@vagrant:~# echo $?
0
root@vagrant:~# cd /tmp/new
root@vagrant:/tmp/new# ll
total 23256
drwxr-xr-x  3 root root     4096 Jul  8 20:38 ./
drwxrwxrwt 12 root root     4096 Jul  8 20:37 ../
drwx------  2 root root    16384 Jul  8 20:36 lost+found/
-rw-r--r--  1 root root 23785783 Jul  8 19:39 test.gz
root@vagrant:/tmp/new# gzip --help
Usage: gzip [OPTION]... [FILE]...
Compress or uncompress FILEs (by default, compress FILES in-place).

Mandatory arguments to long options are mandatory for short options too.

  -c, --stdout      write on standard output, keep original files unchanged
  -d, --decompress  decompress
  -f, --force       force overwrite of output file and compress links
  -h, --help        give this help
  -k, --keep        keep (don't delete) input files
  -l, --list        list compressed file contents
  -L, --license     display software license
  -n, --no-name     do not save or restore the original name and timestamp
  -N, --name        save or restore the original name and timestamp
  -q, --quiet       suppress all warnings
  -r, --recursive   operate recursively on directories
      --rsyncable   make rsync-friendly archive
  -S, --suffix=SUF  use suffix SUF on compressed files
      --synchronous synchronous output (safer if system crashes, but slower)
  -t, --test        test compressed file integrity
  -v, --verbose     verbose mode
  -V, --version     display version number
  -1, --fast        compress faster
  -9, --best        compress better

With no FILE, or when FILE is -, read standard input.

Report bugs to <bug-gzip@gnu.org>.
root@vagrant:/tmp/new# man gzip

-t - значит тест, выдал 0, что значит без ошибок.

16.

root@vagrant:~# pvmove -b /dev/md0 /dev/md1
root@vagrant:~# lsblk
NAME                      MAJ:MIN RM  SIZE RO TYPE  MOUNTPOINT
loop0                       7:0    0 61.9M  1 loop  /snap/core20/1328
loop1                       7:1    0 67.2M  1 loop  /snap/lxd/21835
loop2                       7:2    0 43.6M  1 loop  /snap/snapd/14978
loop3                       7:3    0 61.9M  1 loop  /snap/core20/1518
loop4                       7:4    0   47M  1 loop  /snap/snapd/16292
loop5                       7:5    0 67.8M  1 loop  /snap/lxd/22753
sda                         8:0    0   64G  0 disk
├─sda1                      8:1    0    1M  0 part
├─sda2                      8:2    0  1.5G  0 part  /boot
└─sda3                      8:3    0 62.5G  0 part
  └─ubuntu--vg-ubuntu--lv 253:0    0 31.3G  0 lvm   /
sdb                         8:16   0  2.5G  0 disk
├─sdb1                      8:17   0    2G  0 part
│ └─md1                     9:1    0    2G  0 raid1
│   └─vol_grp1-pvmove0    253:2    0  100M  0 lvm
│     └─vol_grp1-lvol0    253:1    0  100M  0 lvm   /tmp/new
└─sdb2                      8:18   0  511M  0 part
  └─md0                     9:0    0 1018M  0 raid0
    └─vol_grp1-pvmove0    253:2    0  100M  0 lvm
      └─vol_grp1-lvol0    253:1    0  100M  0 lvm   /tmp/new
sdc                         8:32   0  2.5G  0 disk
├─sdc1                      8:33   0    2G  0 part
│ └─md1                     9:1    0    2G  0 raid1
│   └─vol_grp1-pvmove0    253:2    0  100M  0 lvm
│     └─vol_grp1-lvol0    253:1    0  100M  0 lvm   /tmp/new
└─sdc2                      8:34   0  511M  0 part
  └─md0                     9:0    0 1018M  0 raid0
    └─vol_grp1-pvmove0    253:2    0  100M  0 lvm
      └─vol_grp1-lvol0    253:1    0  100M  0 lvm   /tmp/new


17.

root@vagrant:~# mdadm /dev/md1 --fail /dev/sdb1
mdadm: set /dev/sdb1 faulty in /dev/md1
root@vagrant:~# mdadm -D /dev/md1
/dev/md1:
           Version : 1.2
     Creation Time : Fri Jul  8 20:02:15 2022
        Raid Level : raid1
        Array Size : 2094080 (2045.00 MiB 2144.34 MB)
     Used Dev Size : 2094080 (2045.00 MiB 2144.34 MB)
      Raid Devices : 2
     Total Devices : 2
       Persistence : Superblock is persistent

       Update Time : Fri Jul  8 20:50:51 2022
             State : clean, degraded
    Active Devices : 1
   Working Devices : 1
    Failed Devices : 1
     Spare Devices : 0

Consistency Policy : resync

              Name : vagrant:1  (local to host vagrant)
              UUID : 76a3addd:7c59d123:1ade9844:83e97498
            Events : 19

    Number   Major   Minor   RaidDevice State
       -       0        0        0      removed
       1       8       33        1      active sync   /dev/sdc1

       0       8       17        -      faulty   /dev/sdb1

18.

root@vagrant:~# dmesg |grep md1
[ 3860.795006] md/raid1:md1: not clean -- starting background reconstruction
[ 3860.795008] md/raid1:md1: active with 2 out of 2 mirrors
[ 3860.795027] md1: detected capacity change from 0 to 2144337920
[ 3860.796430] md: resync of RAID array md1
[ 3870.996449] md: md1: resync done.
[ 5142.245560] md1: detected capacity change from 2144337920 to 0
[ 5142.245567] md: md1 stopped.
[ 5338.372135] md/raid1:md1: not clean -- starting background reconstruction
[ 5338.372137] md/raid1:md1: active with 2 out of 2 mirrors
[ 5338.372661] md1: detected capacity change from 0 to 2144337920
[ 5338.378132] md: resync of RAID array md1
[ 5348.704493] md: md1: resync done.
[ 8253.427447] md/raid1:md1: Disk failure on sdb1, disabling device.
               md/raid1:md1: Operation continuing on 1 devices.

19.

root@vagrant:~# gzip -t /tmp/new/test.gz && echo $?
0

20.

PS E:\Vagrant> vagrant destroy
    default: Are you sure you want to destroy the 'default' VM? [y/N] y
==> default: Forcing shutdown of VM...
==> default: Destroying VM and associated drives...

